  37888 control updates, 37888 unchanged (outside the batch); gpu 0.031 s incl. copies, cpu 0.024 s
  infer                75776 checked        0 flagged       0 mismatches  OK
  shape grid: 22x16 = 352 cells, mean list 10.2, longest 28
  tick   50: 2048 active, 388 wall reports so far, 0 resyncs
  tick  100: 305 active, 2131 wall reports so far, 0 resyncs
  tick  150: 305 active, 3177 wall reports so far, 0 resyncs
  tick  200: 231 active, 3251 wall reports so far, 0 resyncs
  tick  250: 231 active, 3603 wall reports so far, 0 resyncs
  tick  300: 145 active, 3689 wall reports so far, 0 resyncs
  tick  350: 145 active, 3964 wall reports so far, 0 resyncs
  tick  400: 91 active, 4018 wall reports so far, 0 resyncs
  max 4 pairs, 3 contacts per car; import round-trip mismatches 0
  step: gpu 0.223 s incl. copies, cpu 0.112 s (rayon)
  step                819200 checked        0 flagged       0 mismatches  OK
  schedules            15300 checked        0 flagged       0 mismatches  OK
  2048 cars, eliminate_on_wall true, eliminate_when_idle false:
    gen 0: 426/426 ticks, 0 active at the end, 0 lapped; cpu 0.18 s, gpu 0.11 s; 0 mismatching agents
    turnover 0.06 s (x2)
    gen 1: 6006/6006 ticks, 2 active at the end, 0 lapped; cpu 0.90 s, gpu 0.86 s; 0 mismatching agents
  2048 cars, eliminate_on_wall false, eliminate_when_idle true:
    gen 0: 6006/6006 ticks, 1176 active at the end, 1513 lapped; cpu 2.82 s, gpu 1.38 s; 0 mismatching agents
    turnover 0.06 s (x2)
    gen 1: 6006/6006 ticks, 1091 active at the end, 1484 lapped; cpu 2.77 s, gpu 1.35 s; 0 mismatching agents
  window               16384 checked        0 flagged       0 mismatches  OK
  2048 cars, eliminate_on_wall true, eliminate_when_idle true:
    gen 0: 426/426 ticks, 0 active at the end, 0 lapped; cpu 0.18 s, gpu 0.09 s; 0 mismatching agents
    turnover 0.06 s (x2)
    gen 1: 828/828 ticks, 0 active at the end, 0 lapped; cpu 0.23 s, gpu 0.16 s; 0 mismatching agents
  window                8192 checked        0 flagged       0 mismatches  OK
ALL OK
