altd_train_profile {"stage":"install","seconds":[["mean",0.021603325],["vehicles",0.014365288],["agents_and_novelty",0.134524511],["passive_reset",0.012922194]]}
altd_train_profile {"stage":"network_upload","seconds":[["pack",0.04131766],["upload",0.017448283]]}
altd_train_profile {"stage":"gpu_window","seconds":[["networks",0.060046167],["export_state",0.05495522],["upload_state",0.005461576],["window",0.313504439],["download_state",0.043511],["import_state",0.004402361]]}
altd_train_profile {"stage":"normal_draws","seconds":[["uniform_draws",0.165557646],["transform",0.078377667]]}
altd_train_profile {"stage":"reproduce_python","seconds":[["rewards",0.002878518],["selection",0.001175804],["crossover",0.138342595],["normal_draws",0.244120923],["mutation",0.025927647]]}
altd_train_profile {"stage":"network_upload","seconds":[["pack",0.02522276],["upload",0.015684761]]}
altd_train_profile {"stage":"install","seconds":[["mean",1.1e-7],["vehicles",0.017069536],["agents_and_novelty",0.028694034],["passive_reset",0.022744361]]}
altd_train_profile {"stage":"gpu_turnover","seconds":[["reproduce",0.435543925],["networks",0.041423009],["novelty",0.023474537],["install",0.072048705]]}
{"benchmark":"training","cars":32768,"generation":0,"ticks":486,"simulate_seconds":0.494006,"turnover_seconds":0.60352062,"total_seconds":1.09752662,"digest":"a2a2d40df5a7b882"}
altd_train_profile {"stage":"gpu_window","seconds":[["export_state",0.053575305],["upload_state",0.005348597],["window",0.475326181],["download_state",0.043649969],["import_state",0.003831674]]}
altd_train_profile {"stage":"normal_draws","seconds":[["uniform_draws",0.165352507],["transform",0.077281662]]}
altd_train_profile {"stage":"reproduce_python","seconds":[["rewards",0.003202146],["selection",0.001213985],["crossover",0.14178284],["normal_draws",0.242813208],["mutation",0.027084452]]}
altd_train_profile {"stage":"network_upload","seconds":[["pack",0.025015301],["upload",0.015443513]]}
altd_train_profile {"stage":"install","seconds":[["mean",1.1e-7],["vehicles",0.017755422],["agents_and_novelty",0.028936433],["passive_reset",0.01842687]]}
altd_train_profile {"stage":"gpu_turnover","seconds":[["reproduce",0.439481478],["networks",0.04101233],["novelty",0.023284099],["install",0.067462524]]}
{"benchmark":"training","cars":32768,"generation":1,"ticks":1242,"simulate_seconds":0.595247667,"turnover_seconds":0.603470211,"total_seconds":1.198717878,"digest":"e666b3e48f615336"}
altd_train_profile {"stage":"gpu_window","seconds":[["export_state",0.054093413],["upload_state",0.005235397],["window",0.417622144],["download_state",0.046955665],["import_state",0.003821463]]}
altd_train_profile {"stage":"normal_draws","seconds":[["uniform_draws",0.16685335],["transform",0.073928637]]}
altd_train_profile {"stage":"reproduce_python","seconds":[["rewards",0.003054277],["selection",0.001206394],["crossover",0.138564404],["normal_draws",0.240960947],["mutation",0.025616578]]}
altd_train_profile {"stage":"network_upload","seconds":[["pack",0.024918011],["upload",0.015549112]]}
altd_train_profile {"stage":"install","seconds":[["mean",3e-8],["vehicles",0.018908117],["agents_and_novelty",0.02742136],["passive_reset",0.015681232]]}
altd_train_profile {"stage":"gpu_turnover","seconds":[["reproduce",0.432776228],["networks",0.040946841],["novelty",0.023089999],["install",0.064532288]]}
{"benchmark":"training","cars":32768,"generation":2,"ticks":900,"simulate_seconds":0.542518897,"turnover_seconds":0.593337646,"total_seconds":1.135856543,"digest":"93a894728ec166ac"}
ALL OK
