altd_train_profile {"stage":"install","seconds":[["mean",0.022406756],["vehicles",0.013228919],["agents_and_novelty",0.133886129],["passive_reset",0.01307507]]}
altd_train_profile {"stage":"network_upload","seconds":[["pack",0.040197474],["upload",0.01922352]]}
altd_train_profile {"stage":"gpu_window","seconds":[["networks",0.060628828],["export_state",0.050067097],["upload_state",0.005259605],["window",0.312224445],["download_state",0.00419487],["import_state",0.00443115]]}
altd_train_profile {"stage":"normal_draws","seconds":[["uniform_draws",0.030264049],["transform",0.075018151]]}
altd_train_profile {"stage":"reproduce_python","seconds":[["rewards",0.002785207],["selection",0.001229515],["crossover",0.031047755],["normal_draws",0.105419649],["mutation",0.025206422]]}
altd_train_profile {"stage":"network_upload","seconds":[["pack",0.024346046],["upload",0.015439828]]}
altd_train_profile {"stage":"install","seconds":[["mean",3e-8],["vehicles",0.01294305],["agents_and_novelty",0.026921214],["passive_reset",0.024380477]]}
altd_train_profile {"stage":"gpu_turnover","seconds":[["reproduce",0.167023552],["networks",0.040458791],["novelty",0.02363417],["install",0.067366346]]}
{"benchmark":"training","cars":32768,"generation":0,"ticks":486,"simulate_seconds":0.442231579,"turnover_seconds":0.302685019,"total_seconds":0.744916598,"digest":"a2a2d40df5a7b882"}
altd_train_profile {"stage":"gpu_window","seconds":[["export_state",0.043575587],["upload_state",0.004915257],["window",0.481827054],["download_state",0.004174361],["import_state",0.004450619]]}
altd_train_profile {"stage":"normal_draws","seconds":[["uniform_draws",0.030437258],["transform",0.072051074]]}
altd_train_profile {"stage":"reproduce_python","seconds":[["rewards",0.002944107],["selection",0.001189904],["crossover",0.015944606],["normal_draws",0.102619521],["mutation",0.024079948]]}
altd_train_profile {"stage":"network_upload","seconds":[["pack",0.023338892],["upload",0.015406598]]}
altd_train_profile {"stage":"install","seconds":[["mean",3e-8],["vehicles",0.009513396],["agents_and_novelty",0.027030854],["passive_reset",0.0170333]]}
altd_train_profile {"stage":"gpu_turnover","seconds":[["reproduce",0.14797032],["networks",0.039310397],["novelty",0.023316281],["install",0.056007569]]}
{"benchmark":"training","cars":32768,"generation":1,"ticks":1242,"simulate_seconds":0.546299384,"turnover_seconds":0.270499339,"total_seconds":0.816798723,"digest":"e666b3e48f615336"}
altd_train_profile {"stage":"gpu_window","seconds":[["export_state",0.048416475],["upload_state",0.004779007],["window",0.423871213],["download_state",0.004212481],["import_state",0.003645693]]}
altd_train_profile {"stage":"normal_draws","seconds":[["uniform_draws",0.031344424],["transform",0.07946754]]}
altd_train_profile {"stage":"reproduce_python","seconds":[["rewards",0.003138736],["selection",0.001237514],["crossover",0.015878166],["normal_draws",0.110940173],["mutation",0.024854993]]}
altd_train_profile {"stage":"network_upload","seconds":[["pack",0.024297897],["upload",0.015357908]]}
altd_train_profile {"stage":"install","seconds":[["mean",2e-8],["vehicles",0.010465481],["agents_and_novelty",0.027824281],["passive_reset",0.017298379]]}
altd_train_profile {"stage":"gpu_turnover","seconds":[["reproduce",0.157385806],["networks",0.04072346],["novelty",0.023366171],["install",0.058909656]]}
{"benchmark":"training","cars":32768,"generation":2,"ticks":900,"simulate_seconds":0.492349014,"turnover_seconds":0.283992776,"total_seconds":0.77634179,"digest":"93a894728ec166ac"}
ALL OK
