   Compiling unicode-ident v1.0.26
   Compiling cfg-if v1.0.5
   Compiling once_cell v1.21.4
   Compiling slab v0.4.12
   Compiling futures-core v0.3.34
   Compiling futures-task v0.3.34
   Compiling pin-project-lite v0.2.17
   Compiling hashbrown v0.17.1
   Compiling equivalent v1.0.2
   Compiling itoa v1.0.18
   Compiling memchr v2.8.3
   Compiling either v1.18.0
   Compiling crossbeam-utils v0.8.23
   Compiling serde_core v1.0.229
   Compiling zmij v1.0.23
   Compiling wasm-bindgen-shared v0.2.129
   Compiling futures-util v0.3.34
   Compiling wasm-bindgen v0.2.129
   Compiling crossbeam-epoch v0.9.21
   Compiling indexmap v2.14.2
   Compiling crossbeam-deque v0.8.8
   Compiling rayon-core v1.13.0
   Compiling rayon v1.12.0
   Compiling console_error_panic_hook v0.1.7
   Compiling js-sys v0.3.106
   Compiling serde_json v1.0.151
   Compiling serde v1.0.229
   Compiling web-sys v0.3.106
   Compiling wasm-bindgen-futures v0.4.79
   Compiling altd_sim v0.1.0 (/var/home/zorro/.t3/worktrees/driving_sim_rs/t3code-8b520ae7)
    Finished `release` profile [optimized + debuginfo] target(s) in 16.45s
total 892
-rw-r--r--. 1 zorro zorro  11614 Sep 30 12:59 altd_sim.d.ts
-rw-r--r--. 1 zorro zorro  48560 Sep 30 12:59 altd_sim.js
-rw-r--r--. 1 zorro zorro 840666 Sep 30 12:59 altd_sim_bg.wasm
-rw-r--r--. 1 zorro zorro   4996 Sep 30 12:59 altd_sim_bg.wasm.d.ts
